
=== X1 — por comportamento distinto ===
validador       defeituosos  pegos(≥1)  limpos(todos)  saídas erradas barradas  rejeição falsa
V0                       23      26.1%          21.7%         34.7% (779/2248)         0.0% (0)
V1                       23      26.1%          21.7%         34.7% (779/2248)         0.0% (0)
V2                       23      91.3%          91.3%        95.6% (2148/2248)        0.4% (16)
V23                      23      91.3%          91.3%        95.6% (2148/2248)        0.4% (16)
V3                       23      34.8%          30.4%         39.3% (883/2248)         0.0% (0)
V4-1                     23      78.3%          60.9%        61.3% (1379/2248)       8.2% (308)
V4-2                     23      95.7%          82.6%        69.4% (1559/2248)     27.2% (1025)
V4-3                     15     100.0%         100.0%       100.0% (1725/1725)      10.2% (260)

=== X1 — por programa único ===
validador       defeituosos  pegos(≥1)  limpos(todos)  saídas erradas barradas  rejeição falsa
V0                       70      15.7%          12.9%        30.2% (1468/4865)         0.0% (0)
V1                       70      15.7%          12.9%        30.2% (1468/4865)         0.0% (0)
V2                       70      94.3%          94.3%        94.9% (4615/4865)        0.1% (64)
V23                      70      94.3%          94.3%        94.9% (4615/4865)       0.2% (164)
V3                       70      18.6%          15.7%        32.3% (1572/4865)       0.1% (100)
V4-1                     70      47.1%          38.6%        61.3% (2982/4865)      2.3% (1651)
V4-2                     70      91.4%          85.7%        67.4% (3277/4865)      4.9% (3580)
V4-3                     56      96.4%          92.9%        89.8% (3445/3836)      1.7% (1154)
