mutantes reusados: 265

=== X2 — mutantes (265, comportamentos distintos) ===
validador       defeituosos  pegos(≥1)  limpos(todos)  saídas erradas barradas  rejeição falsa
V0                      265      30.9%          23.0%       39.8% (4409/11080)         0.0% (0)
V1                      265      57.4%          49.4%       43.9% (4859/11080)         0.0% (0)
V2                      265      99.6%          98.5%      99.8% (11063/11080)       2.2% (366)
V23                     265      99.6%          98.5%      99.8% (11063/11080)     11.9% (2006)
V3                      265      55.1%          37.7%       50.9% (5638/11080)      9.7% (1641)
V4-1                    265     100.0%         100.0%     100.0% (11080/11080)       2.0% (343)
V4-2                    265     100.0%         100.0%     100.0% (11080/11080)       5.5% (923)
V4-3                    265     100.0%         100.0%     100.0% (11080/11080)     21.0% (3556)

escore de mutação (pegos ≥1) por operador:
  NUM×10  V0: 32.1%  V1: 72.3%  V2:100.0%  V23:100.0%  V3: 71.4%  V4-1:100.0%  V4-2:100.0%  V4-3:100.0%
  NUM+1   V0: 22.7%  V1: 51.1%  V2:100.0%  V23:100.0%  V3: 36.4%  V4-1:100.0%  V4-2:100.0%  V4-3:100.0%
  AOR/*   V0: 85.7%  V1: 85.7%  V2:100.0%  V23:100.0%  V3: 85.7%  V4-1:100.0%  V4-2:100.0%  V4-3:100.0%
  NEG     V0: 26.7%  V1: 26.7%  V2: 93.3%  V23: 93.3%  V3: 40.0%  V4-1:100.0%  V4-2:100.0%  V4-3:100.0%
  AOR*/   V0: 22.2%  V1: 22.2%  V2:100.0%  V23:100.0%  V3: 22.2%  V4-1:100.0%  V4-2:100.0%  V4-3:100.0%
  REJ     V0:100.0%  V1:100.0%  V2:100.0%  V23:100.0%  V3:100.0%  V4-1:100.0%  V4-2:100.0%  V4-3:100.0%
  AOR-+   V0:  0.0%  V1:  0.0%  V2:100.0%  V23:100.0%  V3:  0.0%  V4-1:100.0%  V4-2:100.0%  V4-3:100.0%
  STR     V0:  0.0%  V1:  0.0%  V2:100.0%  V23:100.0%  V3:  0.0%  V4-1:100.0%  V4-2:100.0%  V4-3:100.0%
  UTC     V0: 10.0%  V1: 10.0%  V2:100.0%  V23:100.0%  V3: 70.0%  V4-1:100.0%  V4-2:100.0%  V4-3:100.0%

Spearman (escore de mutação × força em falhas reais, por validador):
  total           n=100  ρ(programas)=0.51 [0.36, 0.66]  ρ(saídas)=0.62 [0.48, 0.75]
  financial       n=25  ρ(programas)=0.81 [0.55, 0.96]  ρ(saídas)=0.64 [0.27, 0.88]
  iot             n=25  ρ(programas)=0.46 [0.04, 0.78]  ρ(saídas)=0.48 [0.01, 0.80]
  usgs-corrected  n=25  sem variância na força real
  usgs-strict     n=25  ρ(programas)=0.87 [0.71, 0.96]  ρ(saídas)=0.87 [0.71, 0.96]
