
=== X6 — pares verificados (por comportamento; 23 defeituosos) ===
V2 sozinho: pega  91.3%  rej. falsa   0.4%
composição      k   | G: pega  corretos barr.  incompl. barr. | G+V0: pega | G+V2: pega  limpos  rej.falsa
primeiros        1   |  78.3%     0.0/27    10.0/15   |  82.6%     | 100.0%  100.0%    0.5%
primeiros        3   |  82.6%     0.0/27    13.0/15   |  87.0%     | 100.0%  100.0%    0.5%
primeiros        5   |  82.6%     0.0/27    13.0/15   |  87.0%     | 100.0%  100.0%    0.5%
primeiros       10   |  82.6%     0.0/27    14.0/15   |  87.0%     | 100.0%  100.0%    0.5%
sorteio          1   |  65.7%     0.0/27     9.9/15   |  71.4%     |  95.7%   95.7%    0.5%
sorteio          3   |  77.4%     0.0/27    12.6/15   |  81.8%     |  98.1%   98.1%    0.5%
sorteio          5   |  81.5%     0.0/27    13.5/15   |  85.7%     |  99.0%   99.0%    0.5%
sorteio         10   |  85.9%     0.0/27    14.3/15   |  90.0%     |  99.8%   99.8%    0.5%
estratificado    1   |  61.7%     0.0/27     7.1/15   |  69.4%     |  95.7%   95.7%    0.5%
estratificado    3   |  86.2%     0.0/27    13.1/15   |  90.5%     |  98.1%   98.1%    0.6%
estratificado    5   |  90.9%     0.0/27    14.6/15   |  95.2%     |  98.9%   98.9%    0.6%
estratificado   10   |  95.1%     0.0/27    15.0/15   |  99.2%     |  99.8%   99.8%    0.6%

=== X6 — pares verificados (por programa; 70 defeituosos) ===
V2 sozinho: pega  94.3%  rej. falsa   0.1%
composição      k   | G: pega  corretos barr.  incompl. barr. | G+V0: pega | G+V2: pega  limpos  rej.falsa
primeiros        1   |  52.9%     0.0/961    27.0/37   |  54.3%     | 100.0%  100.0%    0.1%
primeiros        3   |  55.7%     0.0/961    30.0/37   |  57.1%     | 100.0%  100.0%    0.1%
primeiros        5   |  55.7%     0.0/961    30.0/37   |  57.1%     | 100.0%  100.0%    0.1%
primeiros       10   |  55.7%     0.0/961    31.0/37   |  57.1%     | 100.0%  100.0%    0.1%
sorteio          1   |  48.9%     0.0/961    23.1/37   |  51.3%     |  97.9%   97.9%    0.1%
sorteio          3   |  57.4%     0.0/961    30.1/37   |  58.8%     |  99.3%   99.3%    0.1%
sorteio          5   |  61.6%     0.0/961    32.0/37   |  63.0%     |  99.7%   99.7%    0.1%
sorteio         10   |  69.1%     0.0/961    34.0/37   |  70.5%     |  99.9%   99.9%    0.1%
estratificado    1   |  48.5%     0.0/961    19.0/37   |  52.8%     |  97.9%   97.9%    0.1%
estratificado    3   |  69.3%     0.0/961    32.7/37   |  70.7%     |  99.4%   99.4%    0.1%
estratificado    5   |  81.0%     0.0/961    35.9/37   |  82.4%     |  99.6%   99.6%    0.1%
estratificado   10   |  98.2%     0.0/961    37.0/37   |  99.6%     |  99.9%   99.9%    0.1%
